// Jest Snapshot v1, https://goo.gl/fbAQLP

exports[`AppBar should render AppBar 1`] = `
<div
  className="css-8eyg68"
>
  <div
    className="css-k008qs"
  >
    <div
      className="css-1o3848f"
    >
      <h2
        className="chakra-heading css-in3yi3"
      >
        <a
          href="/"
          onClick={[Function]}
          onMouseEnter={[Function]}
        >
          DEVMON
        </a>
      </h2>
    </div>
  </div>
</div>
`;
