// Jest Snapshot v1, https://goo.gl/fbAQLP

exports[`AuthorAvatar should render correct badge box 1`] = `
<div
  className="css-r3u6lr"
>
  <span
    className="chakra-badge css-zib6pm"
  >
    typescript
  </span>
  <span
    className="chakra-badge css-14wwhjs"
  >
    devops
  </span>
</div>
`;
