// Jest Snapshot v1, https://goo.gl/fbAQLP

exports[`CoverImage should render CoverImage 1`] = `
<img
  alt="Cover Image for test"
  className="chakra-image css-2p2hr9"
  loading="lazy"
  src="test"
/>
`;
